// Jest Snapshot v1, https://goo.gl/fbAQLP

exports[`node's test-assert fail 1`] = `[AssertionError: Failed]`;

exports[`node's test-assert fail 2`] = `[AssertionError: boom]`;

exports[`node's test-assert fail 3`] = `[TypeError: need array]`;

exports[`node's test-assert fail 4`] = `[AssertionError: 'a' != 'b']`;

exports[`node's test-assert fail 5`] = `[AssertionError: 1 > 2]`;

exports[`node's test-assert fail 6`] = `[AssertionError: fail]`;

exports[`node's test-assert fail 7`] = `[AssertionError: whoops]`;

exports[`node's test-assert fail 8`] = `[TypeError: need array]`;
